// Jest Snapshot v1, https://goo.gl/fbAQLP

exports[`Renders a localized number with a correct locale 1`] = `"1,000,000"`;

exports[`Renders a localized number with an incorrect locale 1`] = `"1000000"`;

exports[`Renders non decimal number when max decimal is set to zero 1`] = `"13"`;

exports[`Renders only none zero decimals when maxDecimals is set 1`] = `"3.2"`;

exports[`Renders truncated and localized number when max decimal is set 1`] = `"9.39"`;
