// Jest Snapshot v1, https://goo.gl/fbAQLP

exports[`Wrapped component has access to locale and translations as props 1`] = `
<div>
  <span>
    {"myString":"Dansk"}
  </span>
  <span>
    da-DK
  </span>
</div>
`;
